c:\full sail\vulkan-raytracing\vulkan\vulkan\x64\debug\main.obj
c:\full sail\vulkan-raytracing\vulkan\vulkan\x64\debug\imgui_widgets.obj
c:\full sail\vulkan-raytracing\vulkan\vulkan\x64\debug\imgui_tables.obj
c:\full sail\vulkan-raytracing\vulkan\vulkan\x64\debug\imgui_draw.obj
c:\full sail\vulkan-raytracing\vulkan\vulkan\x64\debug\imgui.obj
c:\full sail\vulkan-raytracing\vulkan\vulkan\x64\debug\imgui_impl_vulkan.obj
c:\full sail\vulkan-raytracing\vulkan\vulkan\x64\debug\imgui_impl_glfw.obj
c:\full sail\vulkan-raytracing\vulkan\vulkan\x64\debug\vc143.pdb
c:\full sail\vulkan-raytracing\vulkan\vulkan\x64\debug\vulkanextensions.obj
c:\full sail\vulkan-raytracing\vulkan\vulkan\x64\debug\thirdpartyimpl.obj
c:\full sail\vulkan-raytracing\vulkan\vulkan\x64\debug\applicationrest.obj
c:\full sail\vulkan-raytracing\vulkan\vulkan\x64\debug\applicationswapchain.obj
c:\full sail\vulkan-raytracing\vulkan\vulkan\x64\debug\applicationdevice.obj
c:\full sail\vulkan-raytracing\vulkan\vulkan\x64\debug\applicationresources.obj
c:\full sail\vulkan-raytracing\vulkan\vulkan\x64\debug\applicationrenderpasses.obj
c:\full sail\vulkan-raytracing\vulkan\vulkan\x64\debug\applicationpipellines.obj
c:\full sail\vulkan-raytracing\vulkan\vulkan\x64\debug\applicationdescriptors.obj
c:\full sail\vulkan-raytracing\vulkan\vulkan\x64\debug\applicationscene.obj
c:\full sail\vulkan-raytracing\vulkan\vulkan\x64\debug\applicationdescriptorpoolsandsets.obj
c:\full sail\vulkan-raytracing\vulkan\vulkan\x64\debug\applicationbuffers.obj
c:\full sail\vulkan-raytracing\vulkan\vulkan\x64\debug\applicationaccelerationstructures.obj
c:\full sail\vulkan-raytracing\vulkan\vulkan\x64\debug\applicationcommands.obj
c:\full sail\vulkan-raytracing\vulkan\x64\debug\vulkan.exe
c:\full sail\vulkan-raytracing\vulkan\x64\debug\vulkan.pdb
c:\full sail\vulkan-raytracing\vulkan\vulkan\x64\debug\vulkan.ilk
c:\full sail\vulkan-raytracing\vulkan\vulkan\x64\debug\vc143.idb
c:\full sail\vulkan-raytracing\vulkan\vulkan\x64\debug\vulkan.tlog\cl.command.1.tlog
c:\full sail\vulkan-raytracing\vulkan\vulkan\x64\debug\vulkan.tlog\cl.items.tlog
c:\full sail\vulkan-raytracing\vulkan\vulkan\x64\debug\vulkan.tlog\cl.read.1.tlog
c:\full sail\vulkan-raytracing\vulkan\vulkan\x64\debug\vulkan.tlog\cl.write.1.tlog
c:\full sail\vulkan-raytracing\vulkan\vulkan\x64\debug\vulkan.tlog\link.command.1.tlog
c:\full sail\vulkan-raytracing\vulkan\vulkan\x64\debug\vulkan.tlog\link.read.1.tlog
c:\full sail\vulkan-raytracing\vulkan\vulkan\x64\debug\vulkan.tlog\link.secondary.1.tlog
c:\full sail\vulkan-raytracing\vulkan\vulkan\x64\debug\vulkan.tlog\link.write.1.tlog
